/home/jac190017/HPC-Class/GitHubClone/HPC-Class/final_project/tripleDiffLC_optimize/tripleDiff_function.py:67: RuntimeWarning: divide by zero encountered in scalar divide
  Lz = n/d
/home/jac190017/HPC-Class/GitHubClone/HPC-Class/final_project/tripleDiffLC_optimize/tripleDiff_function.py:72: RuntimeWarning: invalid value encountered in scalar multiply
  n = (E*(a**2+r**2) - a*Lz)**2
/home/jac190017/HPC-Class/GitHubClone/HPC-Class/final_project/tripleDiffLC_optimize/tripleDiff_function.py:74: RuntimeWarning: invalid value encountered in scalar multiply
  B = r**2 + a**2*E**2 - 2*a*E*Lz + Lz**2
/home/jac190017/HPC-Class/GitHubClone/HPC-Class/final_project/tripleDiffLC_optimize/tripleDiff_function.py:67: RuntimeWarning: divide by zero encountered in scalar divide
  Lz = n/d
/home/jac190017/HPC-Class/GitHubClone/HPC-Class/final_project/tripleDiffLC_optimize/tripleDiff_function.py:67: RuntimeWarning: divide by zero encountered in scalar divide
  Lz = n/d
/home/jac190017/HPC-Class/GitHubClone/HPC-Class/final_project/tripleDiffLC_optimize/tripleDiff_function.py:72: RuntimeWarning: invalid value encountered in scalar multiply
  n = (E*(a**2+r**2) - a*Lz)**2
/home/jac190017/HPC-Class/GitHubClone/HPC-Class/final_project/tripleDiffLC_optimize/tripleDiff_function.py:74: RuntimeWarning: invalid value encountered in scalar multiply
  B = r**2 + a**2*E**2 - 2*a*E*Lz + Lz**2
/home/jac190017/HPC-Class/GitHubClone/HPC-Class/final_project/tripleDiffLC_optimize/tripleDiff_function.py:67: RuntimeWarning: divide by zero encountered in scalar divide
  Lz = n/d
/home/jac190017/HPC-Class/GitHubClone/HPC-Class/final_project/tripleDiffLC_optimize/tripleDiff_function.py:72: RuntimeWarning: invalid value encountered in scalar multiply
  n = (E*(a**2+r**2) - a*Lz)**2
/home/jac190017/HPC-Class/GitHubClone/HPC-Class/final_project/tripleDiffLC_optimize/tripleDiff_function.py:74: RuntimeWarning: invalid value encountered in scalar multiply
  B = r**2 + a**2*E**2 - 2*a*E*Lz + Lz**2
/home/jac190017/HPC-Class/GitHubClone/HPC-Class/final_project/tripleDiffLC_optimize/tripleDiff_function.py:72: RuntimeWarning: invalid value encountered in scalar multiply
  n = (E*(a**2+r**2) - a*Lz)**2
/home/jac190017/HPC-Class/GitHubClone/HPC-Class/final_project/tripleDiffLC_optimize/tripleDiff_function.py:74: RuntimeWarning: invalid value encountered in scalar multiply
  B = r**2 + a**2*E**2 - 2*a*E*Lz + Lz**2
/home/jac190017/HPC-Class/GitHubClone/HPC-Class/final_project/tripleDiffLC_optimize/tripleDiff_function.py:65: RuntimeWarning: invalid value encountered in scalar power
  n = E*(r**2-a**2) - (r**2-2*r+a**2)*( r**2*(E**2-1)+r )**(1/2)
/home/jac190017/HPC-Class/GitHubClone/HPC-Class/final_project/tripleDiffLC_optimize/tripleDiff_function.py:100: RuntimeWarning: invalid value encountered in scalar power
  L = (Lz**2+Q)**(1/2)
/home/jac190017/HPC-Class/GitHubClone/HPC-Class/final_project/tripleDiffLC_optimize/tripleDiff_function.py:65: RuntimeWarning: invalid value encountered in scalar power
  n = E*(r**2-a**2) - (r**2-2*r+a**2)*( r**2*(E**2-1)+r )**(1/2)
/home/jac190017/HPC-Class/GitHubClone/HPC-Class/final_project/tripleDiffLC_optimize/tripleDiff_function.py:100: RuntimeWarning: invalid value encountered in scalar power
  L = (Lz**2+Q)**(1/2)
slurmstepd-c-07-07: error: *** JOB 3646647 ON c-07-07 CANCELLED AT 2026-05-04T20:59:13 DUE TO TIME LIMIT ***
