Job started:
Mon May  4 17:41:54 CDT 2026
Running on node:
g-03-05
Working directory:
/home/jac190017/HPC-Class/GitHubClone/HPC-Class/final_project/CuPy_optimize
Activating conda environment:
Python being used:
/home/jac190017/miniconda3/envs/hpc-final/bin/python
Python 3.11.9
Checking GPU with nvidia-smi:
Mon May  4 17:42:04 2026       
+-----------------------------------------------------------------------------------------+
| NVIDIA-SMI 580.95.05              Driver Version: 580.95.05      CUDA Version: 13.0     |
+-----------------------------------------+------------------------+----------------------+
| GPU  Name                 Persistence-M | Bus-Id          Disp.A | Volatile Uncorr. ECC |
| Fan  Temp   Perf          Pwr:Usage/Cap |           Memory-Usage | GPU-Util  Compute M. |
|                                         |                        |               MIG M. |
|=========================================+========================+======================|
|   0  Tesla V100-PCIE-16GB           On  |   00000000:3B:00.0 Off |                    0 |
| N/A   33C    P0             25W /  250W |       0MiB /  16384MiB |      0%      Default |
|                                         |                        |                  N/A |
+-----------------------------------------+------------------------+----------------------+

+-----------------------------------------------------------------------------------------+
| Processes:                                                                              |
|  GPU   GI   CI              PID   Type   Process name                        GPU Memory |
|        ID   ID                                                               Usage      |
|=========================================================================================|
|  No running processes found                                                             |
+-----------------------------------------------------------------------------------------+
Running CuPy 2D-grid benchmark:
BENCH_PROBLEM_SIZES=10
